// Jest Snapshot v1, https://goo.gl/fbAQLP

exports[`Single Category should render all Category 1`] = `
ShallowWrapper {
  "complexSelector": ComplexSelector {
    "buildPredicate": [Function],
    "childrenOfNode": [Function],
    "findWhereUnwrapped": [Function],
  },
  "length": 1,
  "node": <Context.Consumer>
    [Function]
  </Context.Consumer>,
  "nodes": Array [
    <Context.Consumer>
      [Function]
    </Context.Consumer>,
  ],
  "options": Object {},
  "renderer": ReactShallowRenderer {
    "_context": Object {},
    "_didScheduleRenderPhaseUpdate": false,
    "_dispatcher": Object {
      "readContext": [Function],
      "useCallback": [Function],
      "useContext": [Function],
      "useDebugValue": [Function],
      "useEffect": [Function],
      "useImperativeHandle": [Function],
      "useLayoutEffect": [Function],
      "useMemo": [Function],
      "useReducer": [Function],
      "useRef": [Function],
      "useState": [Function],
    },
    "_element": <Connect(Category) />,
    "_firstWorkInProgressHook": null,
    "_forcedUpdate": false,
    "_instance": Connect {
      "context": Object {},
      "indirectRenderWrappedComponent": [Function],
      "props": Object {},
      "refs": Object {},
      "selectChildElement": [Function],
      "selectDerivedProps": [Function],
      "state": null,
      "updater": Updater {
        "_callbacks": Array [],
        "_renderer": [Circular],
      },
    },
    "_isReRender": false,
    "_newState": null,
    "_numberOfReRenders": 0,
    "_renderPhaseUpdates": null,
    "_rendered": <Context.Consumer>
      [Function]
    </Context.Consumer>,
    "_rendering": false,
    "_updater": Updater {
      "_callbacks": Array [],
      "_renderer": [Circular],
    },
    "_workInProgressHook": null,
    "getRenderOutput": [Function],
    "render": [Function],
  },
  "root": [Circular],
  "unrendered": <Connect(Category) />,
}
`;
